# Map of signal names to variable indexes
# By uv2cnf
# 115 variables
_mux_sel_u0_ 1
_A_1_ 2
_u0_1_Z_mux_input_ 3
_A_2_ 4
_u0_2_Z_mux_input_ 5
_A_3_ 6
_u0_3_Z_mux_input_ 7
_mux_sel_u1_ 8
_nt1_1_ 9
_B_1_ 10
_u1_1_Z_mux_input_ 11
_nt1_2_ 12
_B_2_ 13
_u1_2_Z_mux_input_ 14
_nt1_3_ 15
_B_3_ 16
_u1_3_Z_mux_input_ 17
_mux_sel_u2_ 18
_u2_1_Z_mux_input_ 19
_u2_2_Z_mux_input_ 20
_u2_3_Z_mux_input_ 21
_mux_sel_u3_ 22
_tmp2_1_ 23
_L_1_ 24
_u3_1_Z_mux_input_ 25
_tmp2_2_ 26
_L_2_ 27
_u3_2_Z_mux_input_ 28
_tmp2_3_ 29
_L_3_ 30
_u3_3_Z_mux_input_ 31
_mux_sel_u4_ 32
_tmp1_1_ 33
_tmp3_1_ 34
_u4_1_Z_mux_input_ 35
_tmp1_2_ 36
_tmp3_2_ 37
_u4_2_Z_mux_input_ 38
_tmp1_3_ 39
_tmp3_3_ 40
_u4_3_Z_mux_input_ 41
_mux_sel_u6_ 42
_E_1_ 43
_u6_1_Z_mux_input_ 44
_E_2_ 45
_u6_2_Z_mux_input_ 46
_E_3_ 47
_u6_3_Z_mux_input_ 48
_mux_sel_u7_ 49
_u7_1_Z_mux_input_ 50
_u7_2_Z_mux_input_ 51
_u7_3_Z_mux_input_ 52
_mux_sel_u8_ 53
_nt2_1_ 54
_u8_1_Z_mux_input_ 55
_nt2_2_ 56
_u8_2_Z_mux_input_ 57
_nt2_3_ 58
_u8_3_Z_mux_input_ 59
_mux_sel_u10_ 60
_G_1_ 61
_u10_1_Z_mux_input_ 62
_G_2_ 63
_u10_2_Z_mux_input_ 64
_G_3_ 65
_u10_3_Z_mux_input_ 66
_mux_sel_u11_ 67
_tmp5_1_ 68
_tmp7_1_ 69
_u11_1_Z_mux_input_ 70
_tmp5_2_ 71
_tmp7_2_ 72
_u11_2_Z_mux_input_ 73
_tmp5_3_ 74
_tmp7_3_ 75
_u11_3_Z_mux_input_ 76
_A_le_B_1_ 77
_A_le_B_2_ 78
_A_le_B_3_ 79
_A_equal_B_1_ 80
_A_equal_B_2_ 81
_A_equal_B_3_ 82
_A_greater_B_1_ 83
_A_greater_B_2_ 84
_A_greater_B_3_ 85
_nt1_1__debug_ 86
_nt1_2__debug_ 87
_nt1_3__debug_ 88
_tmp1_1__debug_ 89
_tmp1_2__debug_ 90
_tmp1_3__debug_ 91
_tmp2_1__debug_ 92
_tmp2_2__debug_ 93
_tmp2_3__debug_ 94
_tmp3_1__debug_ 95
_tmp3_2__debug_ 96
_tmp3_3__debug_ 97
_A_le_B_1__debug_ 98
_A_le_B_2__debug_ 99
_A_le_B_3__debug_ 100
_A_equal_B_1__debug_ 101
_A_equal_B_2__debug_ 102
_A_equal_B_3__debug_ 103
_nt2_1__debug_ 104
_nt2_2__debug_ 105
_nt2_3__debug_ 106
_tmp5_1__debug_ 107
_tmp5_2__debug_ 108
_tmp5_3__debug_ 109
_tmp7_1__debug_ 110
_tmp7_2__debug_ 111
_tmp7_3__debug_ 112
_A_greater_B_1__debug_ 113
_A_greater_B_2__debug_ 114
_A_greater_B_3__debug_ 115
